<?xml version="1.0" encoding="utf-8"?><testsuites name="pytest tests"><testsuite name="pytest" errors="0" failures="0" skipped="0" tests="307" time="21.571" timestamp="2026-08-28T17:13:28.658815-05:00" hostname="ELRI-PC-SLIM"><testcase classname="tests.test_active_users.TestRegister" name="test_register_new_user_low" time="0.037" /><testcase classname="tests.test_active_users.TestRegister" name="test_register_new_user_high_does_not_store_flags" time="0.009" /><testcase classname="tests.test_active_users.TestRegister" name="test_register_accumulates_points" time="0.009" /><testcase classname="tests.test_active_users.TestRegister" name="test_register_caps_at_max_points" time="0.018" /><testcase classname="tests.test_active_users.TestRegister" name="test_register_updates_latest_level" time="0.011" /><testcase classname="tests.test_active_users.TestDecay" name="test_decay_reduces_points_after_inactivity" time="0.010" /><testcase classname="tests.test_active_users.TestDecay" name="test_decay_does_not_go_negative" time="0.011" /><testcase classname="tests.test_active_users.TestMigration" name="test_migrates_legacy_list_format" time="0.009" /><testcase classname="tests.test_active_users.TestMigration" name="test_migration_persists_to_disk_encrypted" time="0.010" /><testcase classname="tests.test_active_users.TestRemoveAndClear" name="test_remove_existing_user" time="0.009" /><testcase classname="tests.test_active_users.TestRemoveAndClear" name="test_remove_nonexistent_user_is_noop" time="0.008" /><testcase classname="tests.test_active_users.TestRemoveAndClear" name="test_clear_empties_registry" time="0.010" /><testcase classname="tests.test_active_users.TestUpdateCheckSent" name="test_update_check_sent_sets_timestamp" time="0.008" /><testcase classname="tests.test_active_users.TestUpdateCheckSent" name="test_update_check_sent_unknown_user_is_noop" time="0.007" /><testcase classname="tests.test_active_users.TestEncryptionAtRest" name="test_file_on_disk_is_not_plaintext_json" time="0.008" /><testcase classname="tests.test_active_users.TestEncryptionAtRest" name="test_decrypts_correctly_on_read" time="0.009" /><testcase classname="tests.test_active_users.TestEncryptionAtRest" name="test_legacy_plaintext_flags_are_purged_on_read" time="0.013" /><testcase classname="tests.test_active_users.TestGetAll" name="test_no_file_returns_empty_dict" time="0.008" /><testcase classname="tests.test_active_users.TestGetAll" name="test_corrupt_json_returns_empty_dict" time="0.010" /><testcase classname="tests.test_admin_config_update.TestAuthMatrix" name="test_sin_header_401" time="0.021" /><testcase classname="tests.test_admin_config_update.TestAuthMatrix" name="test_token_incorrecto_401" time="0.016" /><testcase classname="tests.test_admin_config_update.TestAuthMatrix" name="test_sin_admin_api_token_configurado_503" time="0.015" /><testcase classname="tests.test_admin_config_update.TestAuthMatrix" name="test_token_correcto_200" time="0.035" /><testcase classname="tests.test_admin_config_update.TestAuthMatrix" name="test_bot_and_logs_endpoints_require_auth[/admin/logs-get]" time="0.011" /><testcase classname="tests.test_admin_config_update.TestAuthMatrix" name="test_bot_and_logs_endpoints_require_auth[/admin/bot/status-get]" time="0.010" /><testcase classname="tests.test_admin_config_update.TestAuthMatrix" name="test_bot_and_logs_endpoints_require_auth[/admin/bot/logs-get]" time="0.009" /><testcase classname="tests.test_admin_config_update.TestAuthMatrix" name="test_bot_and_logs_endpoints_require_auth[/admin/bot/start-post]" time="0.011" /><testcase classname="tests.test_admin_config_update.TestAuthMatrix" name="test_bot_and_logs_endpoints_require_auth[/admin/bot/stop-post]" time="0.009" /><testcase classname="tests.test_admin_config_update.TestAuthMatrix" name="test_bot_and_logs_endpoints_require_auth[/admin/bot/restart-post]" time="0.010" /><testcase classname="tests.test_admin_config_update.TestAllowList" name="test_campo_desconocido_422" time="0.017" /><testcase classname="tests.test_admin_config_update.TestAllowList" name="test_sin_campos_400" time="0.017" /><testcase classname="tests.test_admin_config_update.TestValidacion" name="test_valor_con_salto_de_linea_400" time="0.017" /><testcase classname="tests.test_admin_config_update.TestValidacion" name="test_intervalo_no_positivo_422[0]" time="0.016" /><testcase classname="tests.test_admin_config_update.TestValidacion" name="test_intervalo_no_positivo_422[-5]" time="0.014" /><testcase classname="tests.test_admin_config_update.TestAplicacion" name="test_actualiza_settings_en_memoria" time="0.021" /><testcase classname="tests.test_admin_config_update.TestAplicacion" name="test_persiste_en_env_sin_tocar_otras_claves" time="0.026" /><testcase classname="tests.test_admin_config_update.TestAplicacion" name="test_groq_api_key_resetea_los_tres_clientes" time="0.023" /><testcase classname="tests.test_admin_config_update.TestAplicacion" name="test_bot_scoped_field_marca_requires_restart" time="0.021" /><testcase classname="tests.test_admin_config_update.TestAplicacion" name="test_campo_no_bot_scoped_no_marca_requires_restart" time="0.023" /><testcase classname="tests.test_admin_config_update.TestNoExponeSecretos" name="test_get_config_no_incluye_secretos_en_editable" time="0.010" /><testcase classname="tests.test_admin_config_update.TestNoExponeSecretos" name="test_patch_response_no_incluye_secretos" time="0.027" /><testcase classname="tests.test_api_documents.TestAuthMatrix" name="test_sin_header_401[stats]" time="0.011" /><testcase classname="tests.test_api_documents.TestAuthMatrix" name="test_sin_header_401[list]" time="0.010" /><testcase classname="tests.test_api_documents.TestAuthMatrix" name="test_sin_header_401[detail]" time="0.011" /><testcase classname="tests.test_api_documents.TestAuthMatrix" name="test_sin_header_401[patch]" time="0.011" /><testcase classname="tests.test_api_documents.TestAuthMatrix" name="test_sin_header_401[upload]" time="0.010" /><testcase classname="tests.test_api_documents.TestAuthMatrix" name="test_token_incorrecto_401[stats]" time="0.008" /><testcase classname="tests.test_api_documents.TestAuthMatrix" name="test_token_incorrecto_401[list]" time="0.010" /><testcase classname="tests.test_api_documents.TestAuthMatrix" name="test_token_incorrecto_401[detail]" time="0.010" /><testcase classname="tests.test_api_documents.TestAuthMatrix" name="test_token_incorrecto_401[patch]" time="0.012" /><testcase classname="tests.test_api_documents.TestAuthMatrix" name="test_token_incorrecto_401[upload]" time="0.011" /><testcase classname="tests.test_api_documents.TestAuthMatrix" name="test_sin_admin_api_token_configurado_503[stats]" time="0.010" /><testcase classname="tests.test_api_documents.TestAuthMatrix" name="test_sin_admin_api_token_configurado_503[list]" time="0.010" /><testcase classname="tests.test_api_documents.TestAuthMatrix" name="test_sin_admin_api_token_configurado_503[detail]" time="0.010" /><testcase classname="tests.test_api_documents.TestAuthMatrix" name="test_sin_admin_api_token_configurado_503[patch]" time="0.012" /><testcase classname="tests.test_api_documents.TestAuthMatrix" name="test_sin_admin_api_token_configurado_503[upload]" time="0.020" /><testcase classname="tests.test_api_documents.TestAuthMatrix" name="test_token_correcto_200[stats]" time="0.015" /><testcase classname="tests.test_api_documents.TestAuthMatrix" name="test_token_correcto_200[list]" time="0.016" /><testcase classname="tests.test_api_documents.TestAuthMatrix" name="test_token_correcto_200[detail]" time="0.018" /><testcase classname="tests.test_api_documents.TestAuthMatrix" name="test_token_correcto_200[patch]" time="0.020" /><testcase classname="tests.test_api_documents.TestAuthMatrix" name="test_token_correcto_200[upload]" time="0.029" /><testcase classname="tests.test_api_documents.TestRuteo" name="test_stats_no_es_tratado_como_doc_id" time="0.011" /><testcase classname="tests.test_api_documents.TestValidacion" name="test_page_cero_422" time="0.011" /><testcase classname="tests.test_api_documents.TestValidacion" name="test_per_page_101_422" time="0.012" /><testcase classname="tests.test_api_documents.TestValidacion" name="test_detalle_per_page_51_422" time="0.010" /><testcase classname="tests.test_api_documents.TestListadoYDetalle" name="test_filtro_case_insensitive_por_doc_id" time="0.011" /><testcase classname="tests.test_api_documents.TestListadoYDetalle" name="test_filtro_case_insensitive_por_source_dataset" time="0.011" /><testcase classname="tests.test_api_documents.TestListadoYDetalle" name="test_detalle_404_doc_desconocido" time="0.012" /><testcase classname="tests.test_api_documents.TestListadoYDetalle" name="test_detalle_agrega_todos_los_chunks" time="0.011" /><testcase classname="tests.test_api_documents.TestPatch" name="test_togglea_y_llama_save_metadata_una_vez" time="0.021" /><testcase classname="tests.test_api_documents.TestPatch" name="test_falla_persistencia_revierte_en_memoria" time="0.015" /><testcase classname="tests.test_api_documents.TestUpload" name="test_no_txt_400" time="0.011" /><testcase classname="tests.test_api_documents.TestUpload" name="test_nombre_con_separador_de_ruta_400" time="0.011" /><testcase classname="tests.test_api_documents.TestUpload" name="test_archivo_sobre_el_limite_413" time="0.019" /><testcase classname="tests.test_api_documents.TestUpload" name="test_demasiados_chunks_413" time="0.166" /><testcase classname="tests.test_api_documents.TestUpload" name="test_solo_espacios_400" time="0.012" /><testcase classname="tests.test_api_documents.TestUpload" name="test_duplicado_case_insensitive_409" time="0.013" /><testcase classname="tests.test_api_documents.TestUpload" name="test_camino_feliz" time="0.025" /><testcase classname="tests.test_api_documents.TestUpload" name="test_muta_el_singleton_de_retriever" time="0.025" /><testcase classname="tests.test_api_documents.TestUpload" name="test_falla_al_guardar_revierte_el_indice" time="0.016" /><testcase classname="tests.test_bm25_index" name="test_tokenize_removes_stopwords_es_en" time="0.002" /><testcase classname="tests.test_bm25_index" name="test_tokenize_folds_accents" time="0.003" /><testcase classname="tests.test_bm25_index" name="test_tokenize_drops_short_tokens" time="0.002" /><testcase classname="tests.test_bm25_index" name="test_tokenize_empty_string_returns_empty_list" time="0.002" /><testcase classname="tests.test_bm25_index" name="test_search_bm25_empty_query_returns_empty" time="0.002" /><testcase classname="tests.test_bm25_index" name="test_search_bm25_no_lexical_corpus_returns_empty" time="0.005" /><testcase classname="tests.test_bm25_index" name="test_search_bm25_excludes_non_lexical_sources_even_with_lexical_match" time="0.004" /><testcase classname="tests.test_bm25_index" name="test_search_bm25_finds_lexical_match" time="0.003" /><testcase classname="tests.test_bm25_index" name="test_search_bm25_includes_upload_source" time="0.005" /><testcase classname="tests.test_bm25_index" name="test_search_bm25_respects_active_flag" time="0.004" /><testcase classname="tests.test_bm25_index" name="test_search_bm25_rebuilds_on_reactivation" time="0.003" /><testcase classname="tests.test_bm25_index" name="test_search_bm25_respects_k_limit" time="0.003" /><testcase classname="tests.test_bot_supervisor.TestLifecycle" name="test_status_inicial_no_corriendo" time="0.002" /><testcase classname="tests.test_bot_supervisor.TestLifecycle" name="test_start_bot_queda_corriendo" time="0.127" /><testcase classname="tests.test_bot_supervisor.TestLifecycle" name="test_start_dos_veces_no_clona_proceso" time="0.033" /><testcase classname="tests.test_bot_supervisor.TestLifecycle" name="test_stop_bot_lo_detiene" time="0.025" /><testcase classname="tests.test_bot_supervisor.TestLifecycle" name="test_stop_sin_proceso_es_no_op" time="0.003" /><testcase classname="tests.test_bot_supervisor.TestLifecycle" name="test_restart_cambia_el_pid" time="0.033" /><testcase classname="tests.test_bot_supervisor.TestLifecycle" name="test_proceso_que_muere_solo_expone_exit_code" time="0.123" /><testcase classname="tests.test_bot_supervisor.TestLifecycle" name="test_detener_a_proposito_no_se_marca_como_crashed" time="0.026" /><testcase classname="tests.test_bot_supervisor.TestLifecycle" name="test_shutdown_detiene_un_bot_corriendo" time="0.026" /><testcase classname="tests.test_bot_supervisor.TestLifecycle" name="test_shutdown_sin_proceso_no_lanza" time="0.003" /><testcase classname="tests.test_chain_notification.TestHighRiskDedup" name="test_first_high_risk_notifies" time="0.004" /><testcase classname="tests.test_chain_notification.TestHighRiskDedup" name="test_repeated_same_signal_does_not_renotify" time="0.002" /><testcase classname="tests.test_chain_notification.TestHighRiskDedup" name="test_new_flag_renotifies" time="0.002" /><testcase classname="tests.test_chain_notification.TestHighRiskDedup" name="test_low_risk_clears_episode_then_same_signal_renotifies" time="0.002" /><testcase classname="tests.test_chain_notification.TestHighRiskDedup" name="test_low_risk_never_notifies" time="0.002" /><testcase classname="tests.test_chain_notification.TestHighRiskDedup" name="test_without_session_id_always_notifies" time="0.002" /><testcase classname="tests.test_chain_notification.TestMediumRiskDedupAndLlmDecision" name="test_medium_llm_says_no_does_not_notify_nor_commit" time="0.004" /><testcase classname="tests.test_chain_notification.TestMediumRiskDedupAndLlmDecision" name="test_medium_dedup_skips_llm_call_entirely" time="0.005" /><testcase classname="tests.test_chain_notification.TestConversationSequence" name="test_conversation_includes_history_and_current_message_last" time="0.003" /><testcase classname="tests.test_chain_notification.TestConversationSequence" name="test_conversation_is_capped_to_last_n_turns" time="0.003" /><testcase classname="tests.test_chain_notification.TestConversationSequence" name="test_conversation_without_history_is_just_current_message" time="0.003" /><testcase classname="tests.test_chat_stream" name="test_stream_events_are_valid_ndjson" time="0.018" /><testcase classname="tests.test_chat_stream" name="test_stream_event_order_is_status_meta_delta_done" time="0.014" /><testcase classname="tests.test_chat_stream" name="test_stream_done_is_last_event_and_matches_deltas" time="0.012" /><testcase classname="tests.test_chat_stream" name="test_stream_meta_sources_are_enriched_with_document_name" time="0.013" /><testcase classname="tests.test_chat_stream" name="test_stream_llm_failure_emits_error_event" time="0.015" /><testcase classname="tests.test_chat_stream" name="test_stream_clarification_short_circuits_to_done" time="0.012" /><testcase classname="tests.test_chat_stream" name="test_chat_post_still_works_unchanged" time="0.010" /><testcase classname="tests.test_citations" name="test_document_name_upload_uses_filename_stem" time="0.003" /><testcase classname="tests.test_citations" name="test_document_name_upload_falls_back_to_doc_id_without_filename" time="0.002" /><testcase classname="tests.test_citations" name="test_document_name_maternaqaes_lm_uses_source_pdf_stem" time="0.002" /><testcase classname="tests.test_citations" name="test_document_name_maternaqaes_lm_preserves_scielo_style_id" time="0.002" /><testcase classname="tests.test_citations" name="test_document_name_maternaqaes_lm_falls_back_to_doc_id_without_source_pdf" time="0.002" /><testcase classname="tests.test_citations" name="test_document_name_medmcqa_with_subject_and_topic" time="0.003" /><testcase classname="tests.test_citations" name="test_document_name_medmcqa_without_topic" time="0.002" /><testcase classname="tests.test_citations" name="test_document_name_medmcqa_without_subject_or_topic" time="0.002" /><testcase classname="tests.test_citations" name="test_document_name_medqa_us" time="0.002" /><testcase classname="tests.test_citations" name="test_document_name_medqa_taiwan" time="0.002" /><testcase classname="tests.test_citations" name="test_document_name_medqa_mainland_without_subject" time="0.003" /><testcase classname="tests.test_citations" name="test_document_name_unknown_source_returns_raw_dataset" time="0.003" /><testcase classname="tests.test_citations" name="test_document_name_never_returns_desconocido" time="0.003" /><testcase classname="tests.test_citations" name="test_document_locator_no_pages" time="0.002" /><testcase classname="tests.test_citations" name="test_document_locator_single_page" time="0.002" /><testcase classname="tests.test_citations" name="test_document_locator_contiguous_range" time="0.002" /><testcase classname="tests.test_citations" name="test_document_locator_non_contiguous" time="0.003" /><testcase classname="tests.test_citations" name="test_document_locator_unordered_input_is_sorted" time="0.002" /><testcase classname="tests.test_citations" name="test_format_context_empty" time="0.003" /><testcase classname="tests.test_citations" name="test_format_context_never_says_fragmento" time="0.003" /><testcase classname="tests.test_citations" name="test_format_context_respects_max_chars" time="0.002" /><testcase classname="tests.test_citations" name="test_build_reference_block_no_citations_returns_empty" time="0.003" /><testcase classname="tests.test_citations" name="test_build_reference_block_ignores_out_of_range_numbers" time="0.003" /><testcase classname="tests.test_citations" name="test_build_reference_block_single_citation" time="0.003" /><testcase classname="tests.test_citations" name="test_build_reference_block_groups_same_document" time="0.003" /><testcase classname="tests.test_citations" name="test_build_reference_block_never_says_fragmento" time="0.003" /><testcase classname="tests.test_citations" name="test_normalize_citation_brackets_converts_fullwidth_to_ascii" time="0.002" /><testcase classname="tests.test_citations" name="test_normalize_citation_brackets_handles_multiple_citations" time="0.002" /><testcase classname="tests.test_citations" name="test_normalize_citation_brackets_leaves_ascii_untouched" time="0.002" /><testcase classname="tests.test_citations" name="test_build_reference_block_recognizes_citation_after_normalizing" time="0.002" /><testcase classname="tests.test_intent_classifier.TestFallbackIntent" name="test_signos_de_alarma_detected" time="0.003" /><testcase classname="tests.test_intent_classifier.TestFallbackIntent" name="test_sintomas_embarazo_detected" time="0.003" /><testcase classname="tests.test_intent_classifier.TestFallbackIntent" name="test_lactancia_detected" time="0.003" /><testcase classname="tests.test_intent_classifier.TestFallbackIntent" name="test_medicamentos_detected" time="0.003" /><testcase classname="tests.test_intent_classifier.TestFallbackIntent" name="test_nutricion_detected" time="0.003" /><testcase classname="tests.test_intent_classifier.TestFallbackIntent" name="test_fallback_to_out_of_scope" time="0.002" /><testcase classname="tests.test_intent_classifier.TestFallbackIntent" name="test_empty_message" time="0.002" /><testcase classname="tests.test_intent_classifier.TestFallbackIntent" name="test_parametric_alarm_keywords[convulsi\xf3n-signos_de_alarma]" time="0.002" /><testcase classname="tests.test_intent_classifier.TestFallbackIntent" name="test_parametric_alarm_keywords[desmayo-signos_de_alarma]" time="0.002" /><testcase classname="tests.test_intent_classifier.TestFallbackIntent" name="test_parametric_alarm_keywords[no se mueve-signos_de_alarma]" time="0.002" /><testcase classname="tests.test_intent_classifier.TestFallbackIntent" name="test_parametric_alarm_keywords[sangrado-signos_de_alarma]" time="0.003" /><testcase classname="tests.test_intent_classifier.TestFallbackIntent" name="test_parametric_symptom_keywords[tengo v\xf3mito-sintomas_embarazo]" time="0.003" /><testcase classname="tests.test_intent_classifier.TestFallbackIntent" name="test_parametric_symptom_keywords[hinchaz\xf3n en los pies-sintomas_embarazo]" time="0.003" /><testcase classname="tests.test_intent_classifier.TestFallbackIntent" name="test_parametric_symptom_keywords[mucho cansancio-sintomas_embarazo]" time="0.002" /><testcase classname="tests.test_intent_classifier.TestFallbackIntent" name="test_parametric_lactation_keywords[duele el pecho al dar leche-lactancia]" time="0.003" /><testcase classname="tests.test_intent_classifier.TestFallbackIntent" name="test_parametric_lactation_keywords[amamantar con mastitis-lactancia]" time="0.003" /><testcase classname="tests.test_intent_classifier.TestFallbackIntent" name="test_parametric_lactation_keywords[lactar es muy doloroso-lactancia]" time="0.003" /><testcase classname="tests.test_intent_classifier.TestParseResponse" name="test_valid_json" time="0.002" /><testcase classname="tests.test_intent_classifier.TestParseResponse" name="test_unknown_intent_fallback" time="0.002" /><testcase classname="tests.test_intent_classifier.TestParseResponse" name="test_confidence_clamped_above" time="0.002" /><testcase classname="tests.test_intent_classifier.TestParseResponse" name="test_confidence_clamped_below" time="0.002" /><testcase classname="tests.test_intent_classifier.TestParseResponse" name="test_invalid_json_fallback" time="0.002" /><testcase classname="tests.test_intent_classifier.TestParseResponse" name="test_regex_fallback_for_malformed_json" time="0.002" /><testcase classname="tests.test_intent_classifier.TestParseResponse" name="test_regex_fallback_invalid_intent" time="0.003" /><testcase classname="tests.test_intent_classifier.TestParseResponse" name="test_parametric_valid_intents[{&quot;intent&quot;: &quot;control_prenatal&quot;, &quot;confidence&quot;: 0.8, &quot;reasoning&quot;: &quot;a&quot;}-control_prenatal]" time="0.003" /><testcase classname="tests.test_intent_classifier.TestParseResponse" name="test_parametric_valid_intents[{&quot;intent&quot;: &quot;signos_de_alarma&quot;, &quot;confidence&quot;: 0.9, &quot;reasoning&quot;: &quot;b&quot;}-signos_de_alarma]" time="0.003" /><testcase classname="tests.test_intent_classifier.TestParseResponse" name="test_parametric_valid_intents[{&quot;intent&quot;: &quot;postparto&quot;, &quot;confidence&quot;: 0.7, &quot;reasoning&quot;: &quot;c&quot;}-postparto]" time="0.003" /><testcase classname="tests.test_intent_classifier.TestParseResponse" name="test_parametric_valid_intents[{&quot;intent&quot;: &quot;salud_mental_perinatal&quot;, &quot;confidence&quot;: 0.6, &quot;reasoning&quot;: &quot;d&quot;}-salud_mental_perinatal]" time="0.003" /><testcase classname="tests.test_intent_classifier.TestParseResponse" name="test_parametric_valid_intents[{&quot;intent&quot;: &quot;planificacion_familiar&quot;, &quot;confidence&quot;: 0.8, &quot;reasoning&quot;: &quot;e&quot;}-planificacion_familiar]" time="0.003" /><testcase classname="tests.test_intent_classifier.TestParseResponse" name="test_parametric_valid_intents[{&quot;intent&quot;: &quot;consulta_administrativa&quot;, &quot;confidence&quot;: 0.5, &quot;reasoning&quot;: &quot;f&quot;}-consulta_administrativa]" time="0.002" /><testcase classname="tests.test_intent_classifier.TestParseResponse" name="test_parametric_valid_intents[{&quot;intent&quot;: &quot;actividad_fisica&quot;, &quot;confidence&quot;: 0.7, &quot;reasoning&quot;: &quot;g&quot;}-actividad_fisica]" time="0.002" /><testcase classname="tests.test_intent_classifier.TestClassifyIntent" name="test_empty_message" time="0.002" /><testcase classname="tests.test_intent_classifier.TestClassifyIntent" name="test_whitespace_message" time="0.002" /><testcase classname="tests.test_intent_classifier.TestClassifyIntent" name="test_none_message" time="0.002" /><testcase classname="tests.test_intent_classifier.TestClassifyIntent" name="test_successful_classification" time="0.105" /><testcase classname="tests.test_intent_classifier.TestClassifyIntent" name="test_llm_error_fallback" time="0.104" /><testcase classname="tests.test_intent_classifier.TestClassifyIntent" name="test_with_conversation_history" time="0.105" /><testcase classname="tests.test_intent_classifier.TestClassifyIntent" name="test_invalid_intent_from_llm_fallback" time="0.115" /><testcase classname="tests.test_notifier.TestEmailConversationSequence" name="test_includes_full_conversation_in_order" time="0.262" /><testcase classname="tests.test_notifier.TestEmailConversationSequence" name="test_marks_last_message_as_the_trigger" time="0.003" /><testcase classname="tests.test_notifier.TestEmailConversationSequence" name="test_role_labels_are_spanish" time="0.003" /><testcase classname="tests.test_notifier.TestEmailConversationSequence" name="test_falls_back_to_query_when_no_conversation" time="0.002" /><testcase classname="tests.test_notifier.TestEmailConversationSequence" name="test_flags_are_listed_when_present" time="0.002" /><testcase classname="tests.test_notifier.TestEmailConversationSequence" name="test_no_flags_section_when_empty" time="0.002" /><testcase classname="tests.test_retriever_fusion" name="test_doc_identity_same_fields_same_key" time="0.003" /><testcase classname="tests.test_retriever_fusion" name="test_doc_identity_different_source_different_key" time="0.003" /><testcase classname="tests.test_retriever_fusion" name="test_doc_identity_falls_back_to_text_hash_without_ids" time="0.002" /><testcase classname="tests.test_retriever_fusion" name="test_fuse_rrf_marks_hybrid_when_in_both_lists" time="0.003" /><testcase classname="tests.test_retriever_fusion" name="test_fuse_rrf_preserves_dense_only_and_bm25_only_labels" time="0.003" /><testcase classname="tests.test_retriever_fusion" name="test_fuse_rrf_ranks_item_in_both_lists_above_single_list_items" time="0.002" /><testcase classname="tests.test_retriever_fusion" name="test_fuse_rrf_deduplicates" time="0.003" /><testcase classname="tests.test_retriever_fusion" name="test_fuse_rrf_empty_inputs" time="0.002" /><testcase classname="tests.test_retriever_fusion" name="test_fuse_weighted_dense_weight_1_ignores_bm25_order" time="0.002" /><testcase classname="tests.test_retriever_fusion" name="test_fuse_weighted_marks_hybrid" time="0.002" /><testcase classname="tests.test_retriever_fusion" name="test_fuse_weighted_handles_single_candidate_no_division_by_zero" time="0.002" /><testcase classname="tests.test_retriever_fusion" name="test_retrieve_empty_query_returns_empty" time="0.002" /><testcase classname="tests.test_retriever_fusion" name="test_retrieve_respects_k" time="0.002" /><testcase classname="tests.test_retriever_fusion" name="test_retrieve_never_duplicates_across_dense_and_bm25" time="0.002" /><testcase classname="tests.test_retriever_fusion" name="test_retrieve_uses_weighted_strategy_when_configured" time="0.002" /><testcase classname="tests.test_risk_detector.TestCheckHeuristic" name="test_high_hemorragia" time="0.002" /><testcase classname="tests.test_risk_detector.TestCheckHeuristic" name="test_high_convulsion" time="0.002" /><testcase classname="tests.test_risk_detector.TestCheckHeuristic" name="test_high_movimiento_ausente" time="0.002" /><testcase classname="tests.test_risk_detector.TestCheckHeuristic" name="test_high_dolor_intenso" time="0.003" /><testcase classname="tests.test_risk_detector.TestCheckHeuristic" name="test_high_preeclampsia" time="0.002" /><testcase classname="tests.test_risk_detector.TestCheckHeuristic" name="test_high_ruptura_membranas" time="0.002" /><testcase classname="tests.test_risk_detector.TestCheckHeuristic" name="test_high_signos_sepsis" time="0.003" /><testcase classname="tests.test_risk_detector.TestCheckHeuristic" name="test_high_depresion_grave" time="0.003" /><testcase classname="tests.test_risk_detector.TestCheckHeuristic" name="test_high_trabajo_parto_prematuro" time="0.002" /><testcase classname="tests.test_risk_detector.TestCheckHeuristic" name="test_medium_sangrado_leve" time="0.002" /><testcase classname="tests.test_risk_detector.TestCheckHeuristic" name="test_medium_presion_alta" time="0.002" /><testcase classname="tests.test_risk_detector.TestCheckHeuristic" name="test_medium_edema" time="0.002" /><testcase classname="tests.test_risk_detector.TestCheckHeuristic" name="test_medium_fiebre_moderada" time="0.002" /><testcase classname="tests.test_risk_detector.TestCheckHeuristic" name="test_medium_reduccion_movimiento" time="0.003" /><testcase classname="tests.test_risk_detector.TestCheckHeuristic" name="test_medium_sintomas_infeccion" time="0.002" /><testcase classname="tests.test_risk_detector.TestCheckHeuristic" name="test_no_match_returns_none" time="0.003" /><testcase classname="tests.test_risk_detector.TestCheckHeuristic" name="test_case_insensitive" time="0.003" /><testcase classname="tests.test_risk_detector.TestCheckHeuristic" name="test_high_trumps_medium" time="0.003" /><testcase classname="tests.test_risk_detector.TestCheckHeuristic" name="test_special_characters" time="0.004" /><testcase classname="tests.test_risk_detector.TestCheckHeuristic" name="test_parametric_movement_absent[no se mueve el beb\xe9]" time="0.003" /><testcase classname="tests.test_risk_detector.TestCheckHeuristic" name="test_parametric_movement_absent[dej\xf3 de moverse]" time="0.004" /><testcase classname="tests.test_risk_detector.TestCheckHeuristic" name="test_parametric_movement_absent[no siento movimientos]" time="0.003" /><testcase classname="tests.test_risk_detector.TestCheckHeuristic" name="test_parametric_movement_absent[no patea]" time="0.003" /><testcase classname="tests.test_risk_detector.TestCheckHeuristic" name="test_parametric_movement_absent[sin movimiento fetal]" time="0.004" /><testcase classname="tests.test_risk_detector.TestCheckHeuristic" name="test_parametric_sepsis_signs[tengo fiebre muy alta]" time="0.003" /><testcase classname="tests.test_risk_detector.TestCheckHeuristic" name="test_parametric_sepsis_signs[fiebre de 39]" time="0.003" /><testcase classname="tests.test_risk_detector.TestCheckHeuristic" name="test_parametric_sepsis_signs[fiebre de 40]" time="0.003" /><testcase classname="tests.test_risk_detector.TestCheckHeuristic" name="test_parametric_sepsis_signs[escalofr\xedos con fiebre]" time="0.003" /><testcase classname="tests.test_risk_detector.TestCheckHeuristic" name="test_parametric_severe_depression[quiero hacerme da\xf1o-depresion_grave]" time="0.003" /><testcase classname="tests.test_risk_detector.TestCheckHeuristic" name="test_parametric_severe_depression[quiero lastimarme-depresion_grave]" time="0.002" /><testcase classname="tests.test_risk_detector.TestCheckHeuristic" name="test_parametric_severe_depression[no quiero vivir-depresion_grave]" time="0.002" /><testcase classname="tests.test_risk_detector.TestCheckHeuristic" name="test_parametric_severe_depression[pensamientos de muerte-depresion_grave]" time="0.002" /><testcase classname="tests.test_risk_detector.TestParseLlmResponse" name="test_valid_json" time="0.002" /><testcase classname="tests.test_risk_detector.TestParseLlmResponse" name="test_valid_json_low" time="0.002" /><testcase classname="tests.test_risk_detector.TestParseLlmResponse" name="test_invalid_level_fallback_to_medium" time="0.003" /><testcase classname="tests.test_risk_detector.TestParseLlmResponse" name="test_invalid_action_fallback_by_level" time="0.003" /><testcase classname="tests.test_risk_detector.TestParseLlmResponse" name="test_missing_fields" time="0.003" /><testcase classname="tests.test_risk_detector.TestParseLlmResponse" name="test_invalid_json" time="0.003" /><testcase classname="tests.test_risk_detector.TestParseLlmResponse" name="test_empty_string" time="0.004" /><testcase classname="tests.test_risk_detector.TestDetectRisk" name="test_empty_message_returns_low" time="0.003" /><testcase classname="tests.test_risk_detector.TestDetectRisk" name="test_whitespace_message_returns_low" time="0.002" /><testcase classname="tests.test_risk_detector.TestDetectRisk" name="test_none_message_returns_low" time="0.002" /><testcase classname="tests.test_risk_detector.TestDetectRisk" name="test_off_topic_shortcut_returns_low" time="0.002" /><testcase classname="tests.test_risk_detector.TestDetectRisk" name="test_heuristic_high_triggers_before_llm" time="0.002" /><testcase classname="tests.test_risk_detector.TestDetectRisk" name="test_heuristic_medium_triggers_before_llm" time="0.003" /><testcase classname="tests.test_risk_detector.TestDetectRisk" name="test_no_heuristic_calls_llm" time="0.113" /><testcase classname="tests.test_risk_detector.TestDetectRisk" name="test_llm_error_returns_medium_safe_fallback" time="0.103" /><testcase classname="tests.test_risk_detector.TestHeuristicDoesNotInheritStaleHistory" name="test_unrelated_followup_does_not_inherit_high_keyword" time="0.124" /><testcase classname="tests.test_risk_detector.TestHeuristicDoesNotInheritStaleHistory" name="test_unrelated_followup_after_medium_keyword_also_isolated" time="0.118" /><testcase classname="tests.test_risk_detector.TestHeuristicDoesNotInheritStaleHistory" name="test_current_message_keyword_still_triggers_heuristic" time="0.109" /><testcase classname="tests.test_risk_detector.TestLlmStillReceivesRecentContext" name="test_llm_prompt_includes_recent_prior_user_text" time="0.100" /><testcase classname="tests.test_risk_episodes.TestNoSessionId" name="test_always_new_signal_without_session" time="0.002" /><testcase classname="tests.test_risk_episodes.TestNoSessionId" name="test_commit_and_register_low_are_noop_without_session" time="0.002" /><testcase classname="tests.test_risk_episodes.TestFirstSignal" name="test_no_prior_episode_is_new_signal" time="0.002" /><testcase classname="tests.test_risk_episodes.TestFirstSignal" name="test_is_new_signal_does_not_mutate_state" time="0.002" /><testcase classname="tests.test_risk_episodes.TestDedupAfterCommit" name="test_same_signal_after_commit_is_not_new" time="0.002" /><testcase classname="tests.test_risk_episodes.TestDedupAfterCommit" name="test_subset_of_committed_flags_is_not_new" time="0.002" /><testcase classname="tests.test_risk_episodes.TestDedupAfterCommit" name="test_new_flag_not_in_committed_set_is_new_signal" time="0.003" /><testcase classname="tests.test_risk_episodes.TestDedupAfterCommit" name="test_escalation_from_medium_to_high_is_new_signal" time="0.003" /><testcase classname="tests.test_risk_episodes.TestDedupAfterCommit" name="test_deescalation_with_same_flags_is_not_new" time="0.003" /><testcase classname="tests.test_risk_episodes.TestDedupAfterCommit" name="test_empty_flags_both_sides_not_new_unless_escalated" time="0.003" /><testcase classname="tests.test_risk_episodes.TestDedupAfterCommit" name="test_sessions_are_independent" time="0.003" /><testcase classname="tests.test_risk_episodes.TestRegisterLow" name="test_low_clears_episode_so_same_signal_is_new_again" time="0.003" /><testcase classname="tests.test_risk_episodes.TestRegisterLow" name="test_register_low_without_prior_episode_is_safe" time="0.002" /><testcase classname="tests.test_risk_episodes.TestCommitDoesNotHappenOnPeek" name="test_medium_llm_says_no_leaves_episode_untouched" time="0.002" /><testcase classname="tests.test_store_admin.TestIsActive" name="test_sin_clave_es_activo" time="0.002" /><testcase classname="tests.test_store_admin.TestIsActive" name="test_active_false" time="0.002" /><testcase classname="tests.test_store_admin.TestIsActive" name="test_active_true" time="0.002" /><testcase classname="tests.test_store_admin.TestUpdateDocumentStatus" name="test_cuenta_afectados" time="0.002" /><testcase classname="tests.test_store_admin.TestUpdateDocumentStatus" name="test_case_insensitive" time="0.002" /><testcase classname="tests.test_store_admin.TestUpdateDocumentStatus" name="test_sin_match_no_afecta_nada" time="0.002" /><testcase classname="tests.test_store_admin.TestUpdateDocumentStatus" name="test_no_altera_doc_id_canonico" time="0.002" /><testcase classname="tests.test_store_admin.TestUpdateDocumentStatus" name="test_no_escribe_a_disco" time="0.007" /><testcase classname="tests.test_store_admin.TestUpdateDocumentStatus" name="test_bumpea_mutation_seq_solo_si_cambio_algo" time="0.002" /><testcase classname="tests.test_store_admin.TestSearchActiveFilter" name="test_excluye_desactivados" time="0.022" /><testcase classname="tests.test_store_admin.TestSearchActiveFilter" name="test_incluye_entradas_sin_clave_active" time="0.003" /><testcase classname="tests.test_store_admin.TestSearchActiveFilter" name="test_devuelve_como_mucho_k" time="0.003" /><testcase classname="tests.test_store_admin.TestSearchActiveFilter" name="test_sigue_devolviendo_k_con_desactivados_en_el_top" time="0.005" /><testcase classname="tests.test_store_admin.TestSearchActiveFilter" name="test_equivalente_a_hoy_sin_nada_desactivado" time="0.003" /><testcase classname="tests.test_store_admin.TestSearchActiveFilter" name="test_score_real_aunque_metadata_traiga_clave_score" time="0.003" /><testcase classname="tests.test_store_admin.TestSearchActiveFilter" name="test_indice_vacio_devuelve_lista_vacia" time="0.003" /><testcase classname="tests.test_store_admin.TestPersistence" name="test_save_round_trip" time="0.017" /><testcase classname="tests.test_store_admin.TestPersistence" name="test_save_no_deja_tmp" time="0.019" /><testcase classname="tests.test_store_admin.TestPersistence" name="test_save_metadata_no_reescribe_indice" time="0.019" /><testcase classname="tests.test_store_admin.TestRollbackAppend" name="test_restaura_ntotal_y_borra_metadata" time="0.003" /><testcase classname="tests.test_store_admin.TestRollbackAppend" name="test_lanza_si_no_es_el_ultimo_append" time="0.002" /><testcase classname="tests.test_store_admin.TestRollbackAppend" name="test_count_cero_no_hace_nada" time="0.003" /><testcase classname="tests.test_store_admin.TestRollbackAppend" name="test_bumpea_mutation_seq" time="0.003" /><testcase classname="tests.test_store_admin.TestAddDocumentsMutationSeq" name="test_bumpea_mutation_seq" time="0.003" /><testcase classname="tests.test_upload_ingestion.TestSafeDocId" name="test_quita_extension" time="0.003" /><testcase classname="tests.test_upload_ingestion.TestSafeDocId" name="test_quita_componentes_de_ruta" time="0.003" /><testcase classname="tests.test_upload_ingestion.TestSafeDocId" name="test_reemplaza_caracteres_inseguros" time="0.002" /><testcase classname="tests.test_upload_ingestion.TestSafeDocId" name="test_conserva_puntos_guiones_y_guion_bajo" time="0.002" /><testcase classname="tests.test_upload_ingestion.TestFormatUpload" name="test_metadata_shape" time="0.003" /><testcase classname="tests.test_upload_ingestion.TestFormatUpload" name="test_limpia_el_texto" time="0.002" /><testcase classname="tests.test_upload_ingestion.TestFormatUpload" name="test_nombre_con_ruta_se_reduce_al_archivo" time="0.003" /><testcase classname="tests.test_upload_ingestion.TestChunkDispatch" name="test_upload_despacha_a_recursive_split" time="0.003" /><testcase classname="tests.test_upload_ingestion.TestChunkDispatch" name="test_upload_corto_no_pierde_marcadores_de_chunk" time="0.003" /></testsuite></testsuites>